// Jest Snapshot v1, https://goo.gl/fbAQLP

exports[`Card should match snapShot 1`] = `
<article
  className="card"
>
  <Link
    to="/pokemon/undefined"
  >
    <img
      alt="charmander"
    />
    <h1>
      charmander
    </h1>
    <div
      className="types-container"
    >
      <Type
        key="fire"
        type="fire"
      />
    </div>
  </Link>
</article>
`;
